// Jest Snapshot v1, https://goo.gl/fbAQLP

exports[`Should handle onSubmit 1`] = `
<div>
  <div
    className="page-header"
  >
    <div
      className="content-container"
    >
      <h1
        className="page-header__title"
      >
        Add Expense
      </h1>
    </div>
  </div>
  <ExpsenseForm
    expense={
      Object {
        "amount": null,
        "createdAt": null,
        "description": "",
        "note": "",
      }
    }
    onSubmit={[Function]}
  />
</div>
`;

exports[`Should render AddExpensePage correctly 1`] = `
<div>
  <div
    className="page-header"
  >
    <div
      className="content-container"
    >
      <h1
        className="page-header__title"
      >
        Add Expense
      </h1>
    </div>
  </div>
  <ExpsenseForm
    expense={
      Object {
        "amount": null,
        "createdAt": null,
        "description": "",
        "note": "",
      }
    }
    onSubmit={[Function]}
  />
</div>
`;
