// Jest Snapshot v1, https://goo.gl/fbAQLP

exports[`Should render EditExpensePage correctly 1`] = `
<div>
  <ExpsenseForm
    expense={
      Object {
        "amount": 13000,
        "createdAt": 0,
        "description": "Gym",
        "id": "1",
        "note": "",
      }
    }
    onSubmit={[Function]}
  />
  <button
    onClick={[Function]}
    type="submit"
  >
    Remove
  </button>
</div>
`;
